﻿[36mvite v6.4.1 [32mbuilding for production...[36m[39m
transforming...
[32mÔ£ô[39m 21 modules transformed.
node.exe : 
[31mÔ£ù[39m Build 
failed in 255ms
At line:1 char:1
+ & "C:\Program Files
\nodejs/node.exe" 
"C:\Program 
Files\nodejs/node_mo 
...
+ ~~~~~~~~~~~~~~~~~~~
~~~~~~~~~~~~~~~~~~~~~
~~~~~~~~~~~~~~~~~~~~~
~~~~~~~~
    + CategoryInfo   
           : NotSpe  
  cified: ([31mÔ£   
 ù[39m Build fai    
led in 255ms:Str    
ing) [], RemoteE    
xception
    + FullyQualified 
   ErrorId : Native  
  CommandError
 
[31merror during 
build:
[31m[vite-plugin-pwa
:build] [plugin vite-
plugin-pwa:build] src
/pages/admin/Categori
esManager.jsx 
(224:10): There was 
an error during the 
build:
  Transform failed 
with 2 errors:
C:/Users/User/OneDriv
e/Desktop/proo/harlon
-1/frontend/src/pages
/admin/CategoriesMana
ger.jsx:224:10: 
ERROR: Unexpected 
closing 
"AdminLayout" tag 
does not match 
opening "div" tag
C:/Users/User/OneDriv
e/Desktop/proo/harlon
-1/frontend/src/pages
/admin/CategoriesMana
ger.jsx:229:0: 
ERROR: Unexpected 
end of file before a 
closing 
"AdminLayout" tag
Additionally, 
handling the error 
in the 'buildEnd' 
hook caused the 
following error:
  Transform failed 
with 2 errors:
C:/Users/User/OneDriv
e/Desktop/proo/harlon
-1/frontend/src/pages
/admin/CategoriesMana
ger.jsx:224:10: 
ERROR: Unexpected 
closing 
"AdminLayout" tag 
does not match 
opening "div" tag
C:/Users/User/OneDriv
e/Desktop/proo/harlon
-1/frontend/src/pages
/admin/CategoriesMana
ger.jsx:229:0: 
ERROR: Unexpected 
end of file before a 
closing 
"AdminLayout" 
tag[31m
file: [36mC:/Users/U
ser/OneDrive/Desktop/
proo/harlon-1/fronten
d/src/pages/admin/Cat
egoriesManager.jsx:22
4:10[31m
[33m
[33mUnexpected 
closing 
"AdminLayout" tag 
does not match 
opening "div" 
tag[33m
222|                 
     </div>
223|                 
 )}
224|          
</AdminLayout>
   |            ^
225|      )
226|  }

[33mUnexpected end 
of file before a 
closing 
"AdminLayout" 
tag[33m
227|  
228|  export default 
CategoriesManager
229|  
   |  ^
[31m
    at 
getRollupError (file:
///C:/Users/User/OneD
rive/Desktop/proo/har
lon-1/frontend/node_m
odules/rollup/dist/es
/shared/parseAst.js:4
00:41)
    at file:///C:/Use
rs/User/OneDrive/Desk
top/proo/harlon-1/fro
ntend/node_modules/ro
llup/dist/es/shared/n
ode-entry.js:23423:39
    at process.proces
sTicksAndRejections (
node:internal/process
/task_queues:105:5)
    at async catchUnf
inishedHookActions (f
ile:///C:/Users/User/
OneDrive/Desktop/proo
/harlon-1/frontend/no
de_modules/rollup/dis
t/es/shared/node-entr
y.js:22881:16)
    at async 
rollupInternal (file:
///C:/Users/User/OneD
rive/Desktop/proo/har
lon-1/frontend/node_m
odules/rollup/dist/es
/shared/node-entry.js
:23406:5)
    at async 
buildEnvironment (fil
e:///C:/Users/User/On
eDrive/Desktop/proo/h
arlon-1/frontend/node
_modules/vite/dist/no
de/chunks/dep-D4NMHUT
W.js:46235:14)
    at async Object.d
efaultBuildApp [as 
buildApp] (file:///C:
/Users/User/OneDrive/
Desktop/proo/harlon-1
/frontend/node_module
s/vite/dist/node/chun
ks/dep-D4NMHUTW.js:46
713:5)
    at async 
CAC.<anonymous> (file
:///C:/Users/User/One
Drive/Desktop/proo/ha
rlon-1/frontend/node_
modules/vite/dist/nod
e/cli.js:863:7)[39m
